// Jest Snapshot v1, https://goo.gl/fbAQLP

exports[`Ticket 1 1`] = `
<DocumentFragment>
  <article
    class="sc-bdfBwQ bkSABW"
  >
    <div
      class="sc-gsTCUz ixeBfw"
    >
      44 327 ₽
    </div>
    <img
      alt=""
      class="sc-dlfnbm nrWoG"
      src="http://pics.avs.io/99/36/EY.png"
    />
    <dl
      class="sc-hKgILt fZNTGR"
    >
      <div>
        <dt
          class="sc-eCssSg fTXzRj"
        >
          MOW - HKT
        </dt>
        <dd
          class="sc-jSgupP bPqkDh"
        >
          14:24
        </dd>
      </div>
      <div>
        <dt
          class="sc-eCssSg fTXzRj"
        >
          В пути
        </dt>
        <dd
          class="sc-jSgupP bPqkDh"
        >
          19ч 31м
        </dd>
      </div>
      <div>
        <dt
          class="sc-eCssSg fTXzRj"
        >
          3 пересадки
        </dt>
        <dd
          class="sc-jSgupP bPqkDh"
        >
          SHA, BKK, DXB
        </dd>
      </div>
    </dl>
    <dl
      class="sc-hKgILt fZNTGR"
    >
      <div>
        <dt
          class="sc-eCssSg fTXzRj"
        >
          HKT - MOW
        </dt>
        <dd
          class="sc-jSgupP bPqkDh"
        >
          09:06
        </dd>
      </div>
      <div>
        <dt
          class="sc-eCssSg fTXzRj"
        >
          В пути
        </dt>
        <dd
          class="sc-jSgupP bPqkDh"
        >
          11ч 42м
        </dd>
      </div>
    </dl>
  </article>
</DocumentFragment>
`;
